// Jest Snapshot v1, https://goo.gl/fbAQLP

exports[`<AddFilter/> Renderiza correctamente 1`] = `
<DocumentFragment>
  <h1>
    AddFilter
  </h1>
  <form>
    <label
      for="min"
    >
      Min
      <input
        id="min"
        name="min"
        placeholder="Min"
        type="number"
      />
    </label>
    <label
      for="max"
    >
      Max
      <input
        id="max"
        name="max"
        placeholder="Max"
        type="number"
      />
    </label>
    <button
      type="submit"
    >
      agregar rango por precio
    </button>
  </form>
  <form>
    <label
      for="category"
    >
      Categor√≠a
      <input
        id="category"
        name="category"
        placeholder="agregar categoria"
        type="text"
        value=""
      />
    </label>
    <button
      type="submit"
    >
      agregar categoria
    </button>
  </form>
</DocumentFragment>
`;
